// Jest Snapshot v1, https://goo.gl/fbAQLP

exports[`test button 1`] = `
<div>
  <button
    class="btn btn-primary"
    type="button"
  >
    Click me
  </button>
</div>
`;
