// Jest Snapshot v1, https://goo.gl/fbAQLP

exports[`ModalWindow component should render the modal with correct header and text 1`] = `<div />`;
