// Jest Snapshot v1, https://goo.gl/fbAQLP

exports[`test button 1`] = `
<div>
  <button
    disabled=""
    type="submit"
  >
    Checkout
  </button>
</div>
`;
